EN seven_segments_display NULL /home/ise/ISE_Projects/somador_subtrator_n2/seven_segments_display.vhd sub00/vhpl06 1635368053
EN sd_somador_subtrator_n2 NULL /home/ise/ISE_Projects/somador_subtrator_n2/sd_somador_subtrator_n2.vhd sub00/vhpl14 1635368065
AR sd_somador_subtrator_n2 behavioral /home/ise/ISE_Projects/somador_subtrator_n2/sd_somador_subtrator_n2.vhd sub00/vhpl15 1635368066
EN regs NULL /home/ise/ISE_Projects/somador_subtrator_n2/regs.vhd sub00/vhpl04 1635368055
AR five_bit_regs behavioral /home/ise/ISE_Projects/somador_subtrator_n2/five_bit_regs.vhd sub00/vhpl11 1635368058
EN uc_somador_subtrator NULL /home/ise/ISE_Projects/somador_subtrator_n2/uc_somador_subtrator.vhd sub00/vhpl12 1635368063
EN adder_subtractor NULL /home/ise/ISE_Projects/somador_subtrator_n2/adder_subtractor.vhd sub00/vhpl00 1635368059
EN five_bit_regs NULL /home/ise/ISE_Projects/somador_subtrator_n2/five_bit_regs.vhd sub00/vhpl10 1635368057
AR somador_subtrator_n2 behavioral /home/ise/ISE_Projects/somador_subtrator_n2/somador_subtrator_n2.vhd sub00/vhpl09 1635368062
AR uc_somador_subtrator behavioral /home/ise/ISE_Projects/somador_subtrator_n2/uc_somador_subtrator.vhd sub00/vhpl13 1635368064
EN full_adder NULL /home/ise/ISE_Projects/somador_subtrator_n2/full_adder.vhd sub00/vhpl01 1634438688
AR full_adder behavioral /home/ise/ISE_Projects/somador_subtrator_n2/full_adder.vhd sub00/vhpl02 1634438689
EN somador_subtrator_n2 NULL /home/ise/ISE_Projects/somador_subtrator_n2/somador_subtrator_n2.vhd sub00/vhpl08 1635368061
AR seven_segments_display behavioral /home/ise/ISE_Projects/somador_subtrator_n2/seven_segments_display.vhd sub00/vhpl07 1635368054
AR adder_subtractor behavioral /home/ise/ISE_Projects/somador_subtrator_n2/adder_subtractor.vhd sub00/vhpl03 1635368060
AR regs behavioral /home/ise/ISE_Projects/somador_subtrator_n2/regs.vhd sub00/vhpl05 1635368056
