EN seven_segments_display NULL /home/ise/ISE_Projects/somador_subtrator_n2/seven_segments_display.vhd sub00/vhpl06 1634456798
EN regs NULL /home/ise/ISE_Projects/somador_subtrator_n2/regs.vhd sub00/vhpl04 1634456800
EN adder_subtractor NULL /home/ise/ISE_Projects/somador_subtrator_n2/adder_subtractor.vhd sub00/vhpl00 1634456802
AR somador_subtrator_n2 behavioral /home/ise/ISE_Projects/somador_subtrator_n2/somador_subtrator_n2.vhd sub00/vhpl09 1634456805
EN full_adder NULL /home/ise/ISE_Projects/somador_subtrator_n2/full_adder.vhd sub00/vhpl01 1634438688
AR full_adder behavioral /home/ise/ISE_Projects/somador_subtrator_n2/full_adder.vhd sub00/vhpl02 1634438689
EN somador_subtrator_n2 NULL /home/ise/ISE_Projects/somador_subtrator_n2/somador_subtrator_n2.vhd sub00/vhpl08 1634456804
AR seven_segments_display behavioral /home/ise/ISE_Projects/somador_subtrator_n2/seven_segments_display.vhd sub00/vhpl07 1634456799
AR adder_subtractor behavioral /home/ise/ISE_Projects/somador_subtrator_n2/adder_subtractor.vhd sub00/vhpl03 1634456803
AR regs behavioral /home/ise/ISE_Projects/somador_subtrator_n2/regs.vhd sub00/vhpl05 1634456801
